src/app.ts(33,15): error TS6133: 'req' is declared but its value is never read.
src/controllers/auth.controllers.ts(111,23): error TS6133: 'req' is declared but its value is never read.
src/controllers/chat.controllers.ts(34,15): error TS6133: 'keepId' is declared but its value is never read.
src/controllers/chatMessage.controller.ts(149,37): error TS2322: Type 'string' is not assignable to type 'ObjectId'.
src/controllers/chatMessage.controller.ts(154,37): error TS2322: Type 'string' is not assignable to type 'ObjectId'.
src/middlewares/auth.middleware.ts(43,47): error TS6133: 'res' is declared but its value is never read.
src/services/ai.service.ts(375,15): error TS6133: 'combined' is declared but its value is never read.
src/services/langchain.service.ts(2,1): error TS6133: 'MessagesPlaceholder' is declared but its value is never read.
src/services/vector.service.ts(20,13): error TS2322: Type 'string | null' is not assignable to type 'RecordMetadataValue'.
  Type 'null' is not assignable to type 'RecordMetadataValue'.
src/sockets/socket.server.ts(118,19): error TS6133: 'fileName' is declared but its value is never read.
src/sockets/socket.server.ts(124,17): error TS6133: 'converted' is declared but its value is never read.
src/sockets/socket.server.ts(151,17): error TS2322: Type 'Buffer<ArrayBufferLike>' is not assignable to type 'Buffer<ArrayBuffer>'.
  Type 'ArrayBufferLike' is not assignable to type 'ArrayBuffer'.
    Type 'SharedArrayBuffer' is not assignable to type 'ArrayBuffer'.
      Types of property '[Symbol.toStringTag]' are incompatible.
        Type '"SharedArrayBuffer"' is not assignable to type '"ArrayBuffer"'.
src/sockets/socket.server.ts(242,97): error TS2322: Type 'string' is not assignable to type 'ObjectId'.
src/sockets/socket.server.ts(243,95): error TS2322: Type 'string' is not assignable to type 'ObjectId'.
src/sockets/socket.server.ts(317,37): error TS2322: Type 'string' is not assignable to type 'ObjectId'.
src/sockets/socket.server.ts(386,21): error TS2322: Type 'string | null' is not assignable to type 'string | undefined'.
  Type 'null' is not assignable to type 'string | undefined'.
src/sockets/socket.server.ts(412,25): error TS2322: Type 'string' is not assignable to type 'ObjectId'.
